tmpfile1: empty
tmpfile2: empty
hello
world
hello
hello
hello
hello
hello
test/cases/redir.sh: line 11: aaa: command not found
test/cases/redir.sh: line 11: bbb: command not found
test/cases/redir.sh: line 11: ccc: command not found
test/cases/redir.sh: line 13: 10240: Bad file descriptor
rm: tmpfile3: No such file or directory
test/cases/redir.sh: line 14: file descriptor out of range: Bad file descriptor
rm: tmpfile3: No such file or directory
